// Jest Snapshot v1, https://goo.gl/fbAQLP

exports[`All Contributors app - End to end 1:Happy path, add correct new contributor 1`] = `
Object {
  "ref": "refs/heads/all-contributors/add-jakebolam",
  "sha": "aa218f56b14c9653891f9e74264a383fa43fefbd",
}
`;

exports[`All Contributors app - End to end 1:Happy path, add correct new contributor 2`] = `
Object {
  "branch": "all-contributors/add-jakebolam",
  "content": "IyBBbGxDb250cmlidXRvcnNCb3QKQSBib3QgZm9yIGF1dG9tYXRpY2FsbHkgYWRkaW5nIGFsbC1jb250cmlidXRvcnMuIPCfpJYKClshW0J1aWxkXShodHRwczovL2ltZy5zaGllbGRzLmlvL2NpcmNsZWNpL3Byb2plY3QvZ2l0aHViL2FsbC1jb250cmlidXRvcnMvYWxsLWNvbnRyaWJ1dG9ycy1ib3QvbWFzdGVyLnN2ZyldKGh0dHBzOi8vY2lyY2xlY2kuY29tL2doL2FsbC1jb250cmlidXRvcnMvYWxsLWNvbnRyaWJ1dG9ycy1ib3QpClshW0NvdmVyYWdlXShodHRwczovL2ltZy5zaGllbGRzLmlvL2NvZGVjb3YvYy9naXRodWIvYWxsLWNvbnRyaWJ1dG9ycy9hbGwtY29udHJpYnV0b3JzLWJvdC5zdmcpXShodHRwczovL2NvZGVjb3YuaW8vZ2l0aHViL2FsbC1jb250cmlidXRvcnMvYWxsLWNvbnRyaWJ1dG9ycy1ib3QpClshW0FsbCBDb250cmlidXRvcnNdKGh0dHBzOi8vaW1nLnNoaWVsZHMuaW8vYmFkZ2UvYWxsX2NvbnRyaWJ1dG9ycy0xLW9yYW5nZS5zdmcpXSgjY29udHJpYnV0b3JzKQpbIVtDaGF0IG9uIFNsYWNrXShodHRwczovL2ltZy5zaGllbGRzLmlvL2JhZGdlL3NsYWNrLWpvaW4tZmY2OWI0LnN2ZyldKGh0dHBzOi8vam9pbi5zbGFjay5jb20vdC9hbGwtY29udHJpYnV0b3JzL3NoYXJlZF9pbnZpdGUvZW5RdE5URTNPRE15TVRBNE5UazBMVFV3WkRNeFpHWmtNbVZpTXpZell6azJZVE0yTmpSa1pHTTVZemMwWlRjNU5tWXpOV1kzWTJRMFpUWTNabUZoWkRneVkyRTNabUl6TldRd01UVXhabUUpCgoKIyMgSW5zdGFsbGF0aW9uCjEuIEluc3RhbGwgQXBwCjIuIFBsZWFzZSBzZXR1cCB5b3VyIGBSRUFETUUubWRgIGFuZCBgLmFsbC1jb250cmlidXRvcnNyY2AgdXNpbmcgdGhlIFthbGwtY29udHJpYnV0b3JzLWNsaSB0b29sXShodHRwczovL2dpdGh1Yi5jb20vYWxsLWNvbnRyaWJ1dG9ycy9hbGwtY29udHJpYnV0b3JzLWNsaSkKPiBJbiB0aGUgZnV0dXJlIHdlIHdhbnQgdG8gcmVtb3ZlIHRoZSBuZWVkIGZvciB0aGUgQ0xJIHRvb2wsIGlmIHlvdSB3YW50IHRvIGhlbHAgb3V0IFtzZWUgdGhlIGlzc3VlXShodHRwczovL2dpdGh1Yi5jb20vYWxsLWNvbnRyaWJ1dG9ycy9hbGwtY29udHJpYnV0b3JzLWJvdC9pc3N1ZXMvMykKCgojIyBVc2FnZQoKIyMjIEFkZGluZyBjb250cmlidXRpb25zCjEuIENvbW1lbnQgb24gSXNzdWUvUFIgZXRjIHdpdGggdGV4dDogYEBBbGxDb250cmlidXRvckJvdCBwbGVhc2UgYWRkIGpha2Vib2xhbSBmb3IgaW5mcmFzdHJ1Y3R1cmUsIHRlc3RpbmcgYW5kIGNvZGVgIChDYW4gYWxzbyB1c2UgdGhlIHNob3J0IHRlcm1zLCBmdWxsIGtleSBjb21pbmcgc29vbikKMi4gQm90IHdpbGwgbG9vayBmb3IgYC5hbGwtY29udHJpYnV0b3JzcmNgIGlmIG5vdCBmb3VuZCwgY29tbWVudHMgb24gcHIgdG8gcnVuIHNldHVwCjMuIElmIHVzZXIgZXhpc3RzLCBhZGQgbmV3IGNvbnRyaWJ1dGlvbiwgaWYgbm90IGFkZCB1c2VyIGFuZCBhZGQgY29udHJpYnV0aW9uCgoKIyMgQ29udHJpYnV0aW5nCklmIHlvdSBoYXZlIHN1Z2dlc3Rpb25zIGZvciBob3cgdGhlIEFsbENvbnRyaWJ1dG9yc0JvdCBjb3VsZCBiZSBpbXByb3ZlZCwgb3Igd2FudCB0byByZXBvcnQgYSBidWcsIFtvcGVuIGFuIGlzc3VlXShodHRwczovL2dpdGh1Yi5jb20vYWxsLWNvbnRyaWJ1dG9ycy9hbGwtY29udHJpYnV0b3JzLWJvdC9pc3N1ZXMpIQoKRm9yIG1vcmUsIGNoZWNrIG91dCB0aGUgW0NvbnRyaWJ1dGluZyBHdWlkZV0oQ09OVFJJQlVUSU5HLm1kKS4KCiMjIENvbnRyaWJ1dG9ycwoKVGhhbmtzIGdvZXMgdG8gdGhlc2Ugd29uZGVyZnVsIHBlb3BsZSAoW2Vtb2ppIGtleV0oaHR0cHM6Ly9naXRodWIuY29tL2FsbC1jb250cmlidXRvcnMvYWxsLWNvbnRyaWJ1dG9ycyNlbW9qaS1rZXkpKToKCjwhLS0gQUxMLUNPTlRSSUJVVE9SUy1MSVNUOlNUQVJUIC0gRG8gbm90IHJlbW92ZSBvciBtb2RpZnkgdGhpcyBzZWN0aW9uIC0tPgo8IS0tIHByZXR0aWVyLWlnbm9yZS1zdGFydCAtLT4KPCEtLSBtYXJrZG93bmxpbnQtZGlzYWJsZSAtLT4KPHRhYmxlPgogIDx0cj4KICAgIDx0ZCBhbGlnbj0iY2VudGVyIj48YSBocmVmPSJodHRwczovL2pha2Vib2xhbS5jb20iPjxpbWcgc3JjPSJodHRwczovL2F2YXRhcnMyLmdpdGh1YnVzZXJjb250ZW50LmNvbS91LzM1MzQyMzY/dj00IiB3aWR0aD0iMTAwcHg7IiBhbHQ9Ikpha2UgQm9sYW0iLz48YnIgLz48c3ViPjxiPkpha2UgQm9sYW08L2I+PC9zdWI+PC9hPjxiciAvPjxhIGhyZWY9Imh0dHBzOi8vZ2l0aHViLmNvbS9hbGwtY29udHJpYnV0b3JzL2FsbC1jb250cmlidXRvcnMtYm90L2NvbW1pdHM/YXV0aG9yPWpha2Vib2xhbSIgdGl0bGU9IkNvZGUiPvCfkrs8L2E+IDxhIGhyZWY9IiNpZGVhcy1qYWtlYm9sYW0iIHRpdGxlPSJJZGVhcywgUGxhbm5pbmcsICYgRmVlZGJhY2siPvCfpJQ8L2E+IDxhIGhyZWY9IiNpbmZyYS1qYWtlYm9sYW0iIHRpdGxlPSJJbmZyYXN0cnVjdHVyZSAoSG9zdGluZywgQnVpbGQtVG9vbHMsIGV0YykiPvCfmoc8L2E+IDxhIGhyZWY9Imh0dHBzOi8vZ2l0aHViLmNvbS9hbGwtY29udHJpYnV0b3JzL2FsbC1jb250cmlidXRvcnMtYm90L2NvbW1pdHM/YXV0aG9yPWpha2Vib2xhbSIgdGl0bGU9IlRlc3RzIj7imqDvuI88L2E+IDxhIGhyZWY9Imh0dHBzOi8vZ2l0aHViLmNvbS9hbGwtY29udHJpYnV0b3JzL2FsbC1jb250cmlidXRvcnMtYm90L2NvbW1pdHM/YXV0aG9yPWpha2Vib2xhbSIgdGl0bGU9IkRvY3VtZW50YXRpb24iPvCfk5Y8L2E+PC90ZD4KICA8L3RyPgo8L3RhYmxlPgoKPCEtLSBtYXJrZG93bmxpbnQtZW5hYmxlIC0tPgo8IS0tIHByZXR0aWVyLWlnbm9yZS1lbmQgLS0+CjwhLS0gQUxMLUNPTlRSSUJVVE9SUy1MSVNUOkVORCAtLT4KClRoaXMgcHJvamVjdCBmb2xsb3dzIHRoZSBbYWxsLWNvbnRyaWJ1dG9yc10oaHR0cHM6Ly9naXRodWIuY29tL2FsbC1jb250cmlidXRvcnMvYWxsLWNvbnRyaWJ1dG9ycykgc3BlY2lmaWNhdGlvbi4gQ29udHJpYnV0aW9ucyBvZiBhbnkga2luZCB3ZWxjb21lCgojIyBMSUNFTlNFCgpbTUlUXShMSUNFTlNFKQo=",
  "message": "docs: update README.md [skip ci]",
  "sha": "bfce087f5fbed22257de1ee5056b20de63da0a13",
}
`;

exports[`All Contributors app - End to end 1:Happy path, add correct new contributor 3`] = `
Object {
  "branch": "all-contributors/add-jakebolam",
  "content": "ewogICJwcm9qZWN0TmFtZSI6ICJhbGwtY29udHJpYnV0b3JzLWJvdCIsCiAgInByb2plY3RPd25lciI6ICJhbGwtY29udHJpYnV0b3JzIiwKICAicmVwb1R5cGUiOiAiZ2l0aHViIiwKICAicmVwb0hvc3QiOiAiaHR0cHM6Ly9naXRodWIuY29tIiwKICAiZmlsZXMiOiBbCiAgICAiUkVBRE1FLm1kIgogIF0sCiAgImltYWdlU2l6ZSI6IDEwMCwKICAiY29tbWl0IjogZmFsc2UsCiAgImNvbnRyaWJ1dG9ycyI6IFsKICAgIHsKICAgICAgImxvZ2luIjogImpha2Vib2xhbSIsCiAgICAgICJuYW1lIjogIkpha2UgQm9sYW0iLAogICAgICAiYXZhdGFyX3VybCI6ICJodHRwczovL2F2YXRhcnMyLmdpdGh1YnVzZXJjb250ZW50LmNvbS91LzM1MzQyMzY/dj00IiwKICAgICAgInByb2ZpbGUiOiAiaHR0cHM6Ly9qYWtlYm9sYW0uY29tIiwKICAgICAgImNvbnRyaWJ1dGlvbnMiOiBbCiAgICAgICAgImNvZGUiLAogICAgICAgICJpZGVhcyIsCiAgICAgICAgImluZnJhIiwKICAgICAgICAidGVzdCIsCiAgICAgICAgImRvYyIKICAgICAgXQogICAgfQogIF0sCiAgInNraXBDaSI6IHRydWUsCiAgImNvbnRyaWJ1dG9yc1BlckxpbmUiOiA3Cn0K",
  "message": "docs: update .all-contributorsrc [skip ci]",
  "sha": "dff34f715bca51114c0336a49381456a926806d5",
}
`;

exports[`All Contributors app - End to end 1:Happy path, add correct new contributor 4`] = `
Object {
  "base": "master",
  "body": "Adds @jakebolam as a contributor for code, doc, infra.

This was requested by jakebolam [in this comment](https://github.com/all-contributors/all-contributors-bot/pull/1#issuecomment-453012966)",
  "head": "all-contributors/add-jakebolam",
  "maintainer_can_modify": true,
  "title": "docs: add jakebolam as a contributor",
}
`;

exports[`All Contributors app - End to end 1:Happy path, add correct new contributor 5`] = `
Object {
  "body": "@jakebolam 

I've put up [a pull request](https://github.com/all-contributors/all-contributors-bot/pull/1347) to add @jakebolam! :tada:",
}
`;

exports[`All Contributors app - End to end 2:Happy path, add correct new contributor, no allcontributors file (repo needs init first) 1`] = `
Object {
  "ref": "refs/heads/all-contributors/add-jakebolam",
  "sha": "aa218f56b14c9653891f9e74264a383fa43fefbd",
}
`;

exports[`All Contributors app - End to end 2:Happy path, add correct new contributor, no allcontributors file (repo needs init first) 2`] = `
Object {
  "branch": "all-contributors/add-jakebolam",
  "content": "IyBBbGxDb250cmlidXRvcnNCb3QKPCEtLSBBTEwtQ09OVFJJQlVUT1JTLUJBREdFOlNUQVJUIC0gRG8gbm90IHJlbW92ZSBvciBtb2RpZnkgdGhpcyBzZWN0aW9uIC0tPlshW0FsbCBDb250cmlidXRvcnNdKGh0dHBzOi8vaW1nLnNoaWVsZHMuaW8vYmFkZ2UvYWxsX2NvbnRyaWJ1dG9ycy0xLW9yYW5nZS5zdmc/c3R5bGU9ZmxhdC1zcXVhcmUpXSgjY29udHJpYnV0b3JzLSk8IS0tIEFMTC1DT05UUklCVVRPUlMtQkFER0U6RU5EIC0tPgpBIGJvdCBmb3IgYXV0b21hdGljYWxseSBhZGRpbmcgYWxsLWNvbnRyaWJ1dG9ycy4g8J+klgoKWyFbQnVpbGRdKGh0dHBzOi8vaW1nLnNoaWVsZHMuaW8vY2lyY2xlY2kvcHJvamVjdC9naXRodWIvYWxsLWNvbnRyaWJ1dG9ycy9hbGwtY29udHJpYnV0b3JzLWJvdC9tYXN0ZXIuc3ZnKV0oaHR0cHM6Ly9jaXJjbGVjaS5jb20vZ2gvYWxsLWNvbnRyaWJ1dG9ycy9hbGwtY29udHJpYnV0b3JzLWJvdCkKWyFbQ292ZXJhZ2VdKGh0dHBzOi8vaW1nLnNoaWVsZHMuaW8vY29kZWNvdi9jL2dpdGh1Yi9hbGwtY29udHJpYnV0b3JzL2FsbC1jb250cmlidXRvcnMtYm90LnN2ZyldKGh0dHBzOi8vY29kZWNvdi5pby9naXRodWIvYWxsLWNvbnRyaWJ1dG9ycy9hbGwtY29udHJpYnV0b3JzLWJvdCkKWyFbQWxsIENvbnRyaWJ1dG9yc10oaHR0cHM6Ly9pbWcuc2hpZWxkcy5pby9iYWRnZS9hbGxfY29udHJpYnV0b3JzLTEtb3JhbmdlLnN2ZyldKCNjb250cmlidXRvcnMpClshW0NoYXQgb24gU2xhY2tdKGh0dHBzOi8vaW1nLnNoaWVsZHMuaW8vYmFkZ2Uvc2xhY2stam9pbi1mZjY5YjQuc3ZnKV0oaHR0cHM6Ly9qb2luLnNsYWNrLmNvbS90L2FsbC1jb250cmlidXRvcnMvc2hhcmVkX2ludml0ZS9lblF0TlRFM09ETXlNVEE0TlRrMExUVXdaRE14Wkdaa01tVmlNell6WXprMllUTTJOalJrWkdNNVl6YzBaVGM1Tm1Zek5XWTNZMlEwWlRZM1ptRmhaRGd5WTJFM1ptSXpOV1F3TVRVeFptRSkKCgojIyBJbnN0YWxsYXRpb24KMS4gSW5zdGFsbCBBcHAKMi4gUGxlYXNlIHNldHVwIHlvdXIgYFJFQURNRS5tZGAgYW5kIGAuYWxsLWNvbnRyaWJ1dG9yc3JjYCB1c2luZyB0aGUgW2FsbC1jb250cmlidXRvcnMtY2xpIHRvb2xdKGh0dHBzOi8vZ2l0aHViLmNvbS9hbGwtY29udHJpYnV0b3JzL2FsbC1jb250cmlidXRvcnMtY2xpKQo+IEluIHRoZSBmdXR1cmUgd2Ugd2FudCB0byByZW1vdmUgdGhlIG5lZWQgZm9yIHRoZSBDTEkgdG9vbCwgaWYgeW91IHdhbnQgdG8gaGVscCBvdXQgW3NlZSB0aGUgaXNzdWVdKGh0dHBzOi8vZ2l0aHViLmNvbS9hbGwtY29udHJpYnV0b3JzL2FsbC1jb250cmlidXRvcnMtYm90L2lzc3Vlcy8zKQoKCiMjIFVzYWdlCgojIyMgQWRkaW5nIGNvbnRyaWJ1dGlvbnMKMS4gQ29tbWVudCBvbiBJc3N1ZS9QUiBldGMgd2l0aCB0ZXh0OiBgQEFsbENvbnRyaWJ1dG9yQm90IHBsZWFzZSBhZGQgamFrZWJvbGFtIGZvciBpbmZyYXN0cnVjdHVyZSwgdGVzdGluZyBhbmQgY29kZWAgKENhbiBhbHNvIHVzZSB0aGUgc2hvcnQgdGVybXMsIGZ1bGwga2V5IGNvbWluZyBzb29uKQoyLiBCb3Qgd2lsbCBsb29rIGZvciBgLmFsbC1jb250cmlidXRvcnNyY2AgaWYgbm90IGZvdW5kLCBjb21tZW50cyBvbiBwciB0byBydW4gc2V0dXAKMy4gSWYgdXNlciBleGlzdHMsIGFkZCBuZXcgY29udHJpYnV0aW9uLCBpZiBub3QgYWRkIHVzZXIgYW5kIGFkZCBjb250cmlidXRpb24KCgojIyBDb250cmlidXRpbmcKSWYgeW91IGhhdmUgc3VnZ2VzdGlvbnMgZm9yIGhvdyB0aGUgQWxsQ29udHJpYnV0b3JzQm90IGNvdWxkIGJlIGltcHJvdmVkLCBvciB3YW50IHRvIHJlcG9ydCBhIGJ1ZywgW29wZW4gYW4gaXNzdWVdKGh0dHBzOi8vZ2l0aHViLmNvbS9hbGwtY29udHJpYnV0b3JzL2FsbC1jb250cmlidXRvcnMtYm90L2lzc3VlcykhCgpGb3IgbW9yZSwgY2hlY2sgb3V0IHRoZSBbQ29udHJpYnV0aW5nIEd1aWRlXShDT05UUklCVVRJTkcubWQpLgoKIyMgQ29udHJpYnV0b3JzCgpUaGFua3MgZ29lcyB0byB0aGVzZSB3b25kZXJmdWwgcGVvcGxlIChbZW1vamkga2V5XShodHRwczovL2dpdGh1Yi5jb20vYWxsLWNvbnRyaWJ1dG9ycy9hbGwtY29udHJpYnV0b3JzI2Vtb2ppLWtleSkpOgo8IS0tIEFMTC1DT05UUklCVVRPUlMtTElTVDpTVEFSVCAtIERvIG5vdCByZW1vdmUgb3IgbW9kaWZ5IHRoaXMgc2VjdGlvbiAtLT4KPCEtLSBwcmV0dGllci1pZ25vcmUtc3RhcnQgLS0+CjwhLS0gbWFya2Rvd25saW50LWRpc2FibGUgLS0+Cjx0YWJsZT4KICA8dHI+CiAgICA8dGQgYWxpZ249ImNlbnRlciI+PGEgaHJlZj0iaHR0cHM6Ly9qYWtlYm9sYW0uY29tIj48aW1nIHNyYz0iaHR0cHM6Ly9hdmF0YXJzMi5naXRodWJ1c2VyY29udGVudC5jb20vdS8zNTM0MjM2P3Y9NCIgd2lkdGg9IjEwMHB4OyIgYWx0PSJKYWtlIEJvbGFtIi8+PGJyIC8+PHN1Yj48Yj5KYWtlIEJvbGFtPC9iPjwvc3ViPjwvYT48YnIgLz48YSBocmVmPSJodHRwczovL2dpdGh1Yi5jb20vYWxsLWNvbnRyaWJ1dG9ycy9hbGwtY29udHJpYnV0b3JzLWJvdC9jb21taXRzP2F1dGhvcj1qYWtlYm9sYW0iIHRpdGxlPSJDb2RlIj7wn5K7PC9hPiA8YSBocmVmPSJodHRwczovL2dpdGh1Yi5jb20vYWxsLWNvbnRyaWJ1dG9ycy9hbGwtY29udHJpYnV0b3JzLWJvdC9jb21taXRzP2F1dGhvcj1qYWtlYm9sYW0iIHRpdGxlPSJEb2N1bWVudGF0aW9uIj7wn5OWPC9hPiA8YSBocmVmPSIjaW5mcmEtamFrZWJvbGFtIiB0aXRsZT0iSW5mcmFzdHJ1Y3R1cmUgKEhvc3RpbmcsIEJ1aWxkLVRvb2xzLCBldGMpIj7wn5qHPC9hPjwvdGQ+CiAgPC90cj4KPC90YWJsZT4KCjwhLS0gbWFya2Rvd25saW50LWVuYWJsZSAtLT4KPCEtLSBwcmV0dGllci1pZ25vcmUtZW5kIC0tPgo8IS0tIEFMTC1DT05UUklCVVRPUlMtTElTVDpFTkQgLS0+Cgo8IS0tIEFMTC1DT05UUklCVVRPUlMtTElTVDpTVEFSVCAtIERvIG5vdCByZW1vdmUgb3IgbW9kaWZ5IHRoaXMgc2VjdGlvbiAtLT4KPCEtLSBwcmV0dGllci1pZ25vcmUgLS0+CnwgWzxpbWcgc3JjPSJodHRwczovL2F2YXRhcnMyLmdpdGh1YnVzZXJjb250ZW50LmNvbS91LzM1MzQyMzY/dj00IiB3aWR0aD0iMTAwcHg7Ii8+PGJyIC8+PHN1Yj48Yj5KYWtlIEJvbGFtPC9iPjwvc3ViPl0oaHR0cHM6Ly9qYWtlYm9sYW0uY29tKTxiciAvPlvwn5K7XShodHRwczovL2dpdGh1Yi5jb20vYWxsLWNvbnRyaWJ0dW9ycy9ib3QvY29tbWl0cz9hdXRob3I9amFrZWJvbGFtICJDb2RlIikgW/CfpJRdKCNpZGVhcy1qYWtlYm9sYW0gIklkZWFzLCBQbGFubmluZywgJiBGZWVkYmFjayIpIFvwn5qHXSgjaW5mcmEtamFrZWJvbGFtICJJbmZyYXN0cnVjdHVyZSAoSG9zdGluZywgQnVpbGQtVG9vbHMsIGV0YykiKSBb4pqg77iPXShodHRwczovL2dpdGh1Yi5jb20vYWxsLWNvbnRyaWJ0dW9ycy9ib3QvY29tbWl0cz9hdXRob3I9amFrZWJvbGFtICJUZXN0cyIpIHwKfCA6LS0tOiB8CjwhLS0gQUxMLUNPTlRSSUJVVE9SUy1MSVNUOkVORCAtLT4KClRoaXMgcHJvamVjdCBmb2xsb3dzIHRoZSBbYWxsLWNvbnRyaWJ1dG9yc10oaHR0cHM6Ly9naXRodWIuY29tL2FsbC1jb250cmlidXRvcnMvYWxsLWNvbnRyaWJ1dG9ycykgc3BlY2lmaWNhdGlvbi4gQ29udHJpYnV0aW9ucyBvZiBhbnkga2luZCB3ZWxjb21lCgojIyBMSUNFTlNFCgpbTUlUXShMSUNFTlNFKQo=",
  "message": "docs: update README.md [skip ci]",
  "sha": "bfce087f5fbed22257de1ee5056b20de63da0a13",
}
`;

exports[`All Contributors app - End to end 2:Happy path, add correct new contributor, no allcontributors file (repo needs init first) 3`] = `
Object {
  "branch": "all-contributors/add-jakebolam",
  "content": "ewogICJmaWxlcyI6IFsKICAgICJSRUFETUUubWQiCiAgXSwKICAiaW1hZ2VTaXplIjogMTAwLAogICJjb21taXQiOiBmYWxzZSwKICAiY29udHJpYnV0b3JzIjogWwogICAgewogICAgICAibG9naW4iOiAiamFrZWJvbGFtIiwKICAgICAgIm5hbWUiOiAiSmFrZSBCb2xhbSIsCiAgICAgICJhdmF0YXJfdXJsIjogImh0dHBzOi8vYXZhdGFyczIuZ2l0aHVidXNlcmNvbnRlbnQuY29tL3UvMzUzNDIzNj92PTQiLAogICAgICAicHJvZmlsZSI6ICJodHRwczovL2pha2Vib2xhbS5jb20iLAogICAgICAiY29udHJpYnV0aW9ucyI6IFsKICAgICAgICAiY29kZSIsCiAgICAgICAgImRvYyIsCiAgICAgICAgImluZnJhIgogICAgICBdCiAgICB9CiAgXSwKICAiY29udHJpYnV0b3JzUGVyTGluZSI6IDcsCiAgInByb2plY3ROYW1lIjogImFsbC1jb250cmlidXRvcnMtYm90IiwKICAicHJvamVjdE93bmVyIjogImFsbC1jb250cmlidXRvcnMiLAogICJyZXBvVHlwZSI6ICJnaXRodWIiLAogICJyZXBvSG9zdCI6ICJodHRwczovL2dpdGh1Yi5jb20iLAogICJza2lwQ2kiOiB0cnVlCn0K",
  "message": "docs: create .all-contributorsrc [skip ci]",
}
`;

exports[`All Contributors app - End to end 2:Happy path, add correct new contributor, no allcontributors file (repo needs init first) 4`] = `
Object {
  "base": "master",
  "body": "Adds @jakebolam as a contributor for code, doc, infra.

This was requested by jakebolam [in this comment](https://github.com/all-contributors/all-contributors-bot/pull/1#issuecomment-453012966)",
  "head": "all-contributors/add-jakebolam",
  "maintainer_can_modify": true,
  "title": "docs: add jakebolam as a contributor",
}
`;

exports[`All Contributors app - End to end 2:Happy path, add correct new contributor, no allcontributors file (repo needs init first) 5`] = `
Object {
  "body": "@jakebolam 

I've put up [a pull request](https://github.com/all-contributors/all-contributors-bot/pull/1347) to add @jakebolam! :tada:",
}
`;

exports[`All Contributors app - End to end 3:Fail path, no readme file (configuration error) 1`] = `
Object {
  "body": "@jakebolam 

File README.md was not found in the repository (undefined).",
}
`;

exports[`All Contributors app - End to end 4:Fail path, no such user 1`] = `
Object {
  "body": "@jakebolam 

Could not find the user \`jakebolam\` on github.",
}
`;

exports[`All Contributors app - End to end 5: Fail path, Unknown user intention 1`] = `
Object {
  "body": "@jakebolam 

I could not determine your intention.

Basic usage: @all-contributors please add @jakebolam for code, doc and infra

For other usages see the [documentation](https://allcontributors.org/docs/en/bot/usage)",
}
`;

exports[`All Contributors app - End to end 6:Fail path, Unknown error (e.g. Network is dead, service down etc, our code is bad) crashes and sends error message 1`] = `
Object {
  "body": "@jakebolam 

We had trouble processing your request. Please try again later.",
}
`;

exports[`All Contributors app - End to end 7: Happy path, add correct new contributor, but branch exists 1`] = `
Object {
  "branch": "all-contributors/add-jakebolam",
  "content": "IyBBbGxDb250cmlidXRvcnNCb3QKQSBib3QgZm9yIGF1dG9tYXRpY2FsbHkgYWRkaW5nIGFsbC1jb250cmlidXRvcnMuIPCfpJYKClshW0J1aWxkXShodHRwczovL2ltZy5zaGllbGRzLmlvL2NpcmNsZWNpL3Byb2plY3QvZ2l0aHViL2FsbC1jb250cmlidXRvcnMvYWxsLWNvbnRyaWJ1dG9ycy1ib3QvbWFzdGVyLnN2ZyldKGh0dHBzOi8vY2lyY2xlY2kuY29tL2doL2FsbC1jb250cmlidXRvcnMvYWxsLWNvbnRyaWJ1dG9ycy1ib3QpClshW0NvdmVyYWdlXShodHRwczovL2ltZy5zaGllbGRzLmlvL2NvZGVjb3YvYy9naXRodWIvYWxsLWNvbnRyaWJ1dG9ycy9hbGwtY29udHJpYnV0b3JzLWJvdC5zdmcpXShodHRwczovL2NvZGVjb3YuaW8vZ2l0aHViL2FsbC1jb250cmlidXRvcnMvYWxsLWNvbnRyaWJ1dG9ycy1ib3QpClshW0FsbCBDb250cmlidXRvcnNdKGh0dHBzOi8vaW1nLnNoaWVsZHMuaW8vYmFkZ2UvYWxsX2NvbnRyaWJ1dG9ycy0xLW9yYW5nZS5zdmcpXSgjY29udHJpYnV0b3JzKQpbIVtDaGF0IG9uIFNsYWNrXShodHRwczovL2ltZy5zaGllbGRzLmlvL2JhZGdlL3NsYWNrLWpvaW4tZmY2OWI0LnN2ZyldKGh0dHBzOi8vam9pbi5zbGFjay5jb20vdC9hbGwtY29udHJpYnV0b3JzL3NoYXJlZF9pbnZpdGUvZW5RdE5URTNPRE15TVRBNE5UazBMVFV3WkRNeFpHWmtNbVZpTXpZell6azJZVE0yTmpSa1pHTTVZemMwWlRjNU5tWXpOV1kzWTJRMFpUWTNabUZoWkRneVkyRTNabUl6TldRd01UVXhabUUpCgoKIyMgSW5zdGFsbGF0aW9uCjEuIEluc3RhbGwgQXBwCjIuIFBsZWFzZSBzZXR1cCB5b3VyIGBSRUFETUUubWRgIGFuZCBgLmFsbC1jb250cmlidXRvcnNyY2AgdXNpbmcgdGhlIFthbGwtY29udHJpYnV0b3JzLWNsaSB0b29sXShodHRwczovL2dpdGh1Yi5jb20vYWxsLWNvbnRyaWJ1dG9ycy9hbGwtY29udHJpYnV0b3JzLWNsaSkKPiBJbiB0aGUgZnV0dXJlIHdlIHdhbnQgdG8gcmVtb3ZlIHRoZSBuZWVkIGZvciB0aGUgQ0xJIHRvb2wsIGlmIHlvdSB3YW50IHRvIGhlbHAgb3V0IFtzZWUgdGhlIGlzc3VlXShodHRwczovL2dpdGh1Yi5jb20vYWxsLWNvbnRyaWJ1dG9ycy9hbGwtY29udHJpYnV0b3JzLWJvdC9pc3N1ZXMvMykKCgojIyBVc2FnZQoKIyMjIEFkZGluZyBjb250cmlidXRpb25zCjEuIENvbW1lbnQgb24gSXNzdWUvUFIgZXRjIHdpdGggdGV4dDogYEBBbGxDb250cmlidXRvckJvdCBwbGVhc2UgYWRkIGpha2Vib2xhbSBmb3IgaW5mcmFzdHJ1Y3R1cmUsIHRlc3RpbmcgYW5kIGNvZGVgIChDYW4gYWxzbyB1c2UgdGhlIHNob3J0IHRlcm1zLCBmdWxsIGtleSBjb21pbmcgc29vbikKMi4gQm90IHdpbGwgbG9vayBmb3IgYC5hbGwtY29udHJpYnV0b3JzcmNgIGlmIG5vdCBmb3VuZCwgY29tbWVudHMgb24gcHIgdG8gcnVuIHNldHVwCjMuIElmIHVzZXIgZXhpc3RzLCBhZGQgbmV3IGNvbnRyaWJ1dGlvbiwgaWYgbm90IGFkZCB1c2VyIGFuZCBhZGQgY29udHJpYnV0aW9uCgoKIyMgQ29udHJpYnV0aW5nCklmIHlvdSBoYXZlIHN1Z2dlc3Rpb25zIGZvciBob3cgdGhlIEFsbENvbnRyaWJ1dG9yc0JvdCBjb3VsZCBiZSBpbXByb3ZlZCwgb3Igd2FudCB0byByZXBvcnQgYSBidWcsIFtvcGVuIGFuIGlzc3VlXShodHRwczovL2dpdGh1Yi5jb20vYWxsLWNvbnRyaWJ1dG9ycy9hbGwtY29udHJpYnV0b3JzLWJvdC9pc3N1ZXMpIQoKRm9yIG1vcmUsIGNoZWNrIG91dCB0aGUgW0NvbnRyaWJ1dGluZyBHdWlkZV0oQ09OVFJJQlVUSU5HLm1kKS4KCiMjIENvbnRyaWJ1dG9ycwoKVGhhbmtzIGdvZXMgdG8gdGhlc2Ugd29uZGVyZnVsIHBlb3BsZSAoW2Vtb2ppIGtleV0oaHR0cHM6Ly9naXRodWIuY29tL2FsbC1jb250cmlidXRvcnMvYWxsLWNvbnRyaWJ1dG9ycyNlbW9qaS1rZXkpKToKCjwhLS0gQUxMLUNPTlRSSUJVVE9SUy1MSVNUOlNUQVJUIC0gRG8gbm90IHJlbW92ZSBvciBtb2RpZnkgdGhpcyBzZWN0aW9uIC0tPgo8IS0tIHByZXR0aWVyLWlnbm9yZS1zdGFydCAtLT4KPCEtLSBtYXJrZG93bmxpbnQtZGlzYWJsZSAtLT4KPHRhYmxlPgogIDx0cj4KICAgIDx0ZCBhbGlnbj0iY2VudGVyIj48YSBocmVmPSJodHRwczovL2pha2Vib2xhbS5jb20iPjxpbWcgc3JjPSJodHRwczovL2F2YXRhcnMyLmdpdGh1YnVzZXJjb250ZW50LmNvbS91LzM1MzQyMzY/dj00IiB3aWR0aD0iMTAwcHg7IiBhbHQ9Ikpha2UgQm9sYW0iLz48YnIgLz48c3ViPjxiPkpha2UgQm9sYW08L2I+PC9zdWI+PC9hPjxiciAvPjxhIGhyZWY9Imh0dHBzOi8vZ2l0aHViLmNvbS9hbGwtY29udHJpYnV0b3JzL2FsbC1jb250cmlidXRvcnMtYm90L2NvbW1pdHM/YXV0aG9yPWpha2Vib2xhbSIgdGl0bGU9IkNvZGUiPvCfkrs8L2E+IDxhIGhyZWY9IiNpZGVhcy1qYWtlYm9sYW0iIHRpdGxlPSJJZGVhcywgUGxhbm5pbmcsICYgRmVlZGJhY2siPvCfpJQ8L2E+IDxhIGhyZWY9IiNpbmZyYS1qYWtlYm9sYW0iIHRpdGxlPSJJbmZyYXN0cnVjdHVyZSAoSG9zdGluZywgQnVpbGQtVG9vbHMsIGV0YykiPvCfmoc8L2E+IDxhIGhyZWY9Imh0dHBzOi8vZ2l0aHViLmNvbS9hbGwtY29udHJpYnV0b3JzL2FsbC1jb250cmlidXRvcnMtYm90L2NvbW1pdHM/YXV0aG9yPWpha2Vib2xhbSIgdGl0bGU9IlRlc3RzIj7imqDvuI88L2E+IDxhIGhyZWY9Imh0dHBzOi8vZ2l0aHViLmNvbS9hbGwtY29udHJpYnV0b3JzL2FsbC1jb250cmlidXRvcnMtYm90L2NvbW1pdHM/YXV0aG9yPWpha2Vib2xhbSIgdGl0bGU9IkRvY3VtZW50YXRpb24iPvCfk5Y8L2E+PC90ZD4KICA8L3RyPgo8L3RhYmxlPgoKPCEtLSBtYXJrZG93bmxpbnQtZW5hYmxlIC0tPgo8IS0tIHByZXR0aWVyLWlnbm9yZS1lbmQgLS0+CjwhLS0gQUxMLUNPTlRSSUJVVE9SUy1MSVNUOkVORCAtLT4KClRoaXMgcHJvamVjdCBmb2xsb3dzIHRoZSBbYWxsLWNvbnRyaWJ1dG9yc10oaHR0cHM6Ly9naXRodWIuY29tL2FsbC1jb250cmlidXRvcnMvYWxsLWNvbnRyaWJ1dG9ycykgc3BlY2lmaWNhdGlvbi4gQ29udHJpYnV0aW9ucyBvZiBhbnkga2luZCB3ZWxjb21lCgojIyBMSUNFTlNFCgpbTUlUXShMSUNFTlNFKQo=",
  "message": "docs: update README.md [skip ci]",
  "sha": "bfce087f5fbed22257de1ee5056b20de63da0a13",
}
`;

exports[`All Contributors app - End to end 7: Happy path, add correct new contributor, but branch exists 2`] = `
Object {
  "branch": "all-contributors/add-jakebolam",
  "content": "ewogICJwcm9qZWN0TmFtZSI6ICJhbGwtY29udHJpYnV0b3JzLWJvdCIsCiAgInByb2plY3RPd25lciI6ICJhbGwtY29udHJpYnV0b3JzIiwKICAicmVwb1R5cGUiOiAiZ2l0aHViIiwKICAicmVwb0hvc3QiOiAiaHR0cHM6Ly9naXRodWIuY29tIiwKICAiZmlsZXMiOiBbCiAgICAiUkVBRE1FLm1kIgogIF0sCiAgImltYWdlU2l6ZSI6IDEwMCwKICAiY29tbWl0IjogZmFsc2UsCiAgImNvbnRyaWJ1dG9ycyI6IFsKICAgIHsKICAgICAgImxvZ2luIjogImpha2Vib2xhbSIsCiAgICAgICJuYW1lIjogIkpha2UgQm9sYW0iLAogICAgICAiYXZhdGFyX3VybCI6ICJodHRwczovL2F2YXRhcnMyLmdpdGh1YnVzZXJjb250ZW50LmNvbS91LzM1MzQyMzY/dj00IiwKICAgICAgInByb2ZpbGUiOiAiaHR0cHM6Ly9qYWtlYm9sYW0uY29tIiwKICAgICAgImNvbnRyaWJ1dGlvbnMiOiBbCiAgICAgICAgImNvZGUiLAogICAgICAgICJpZGVhcyIsCiAgICAgICAgImluZnJhIiwKICAgICAgICAidGVzdCIsCiAgICAgICAgImRvYyIKICAgICAgXQogICAgfQogIF0sCiAgInNraXBDaSI6IHRydWUsCiAgImNvbnRyaWJ1dG9yc1BlckxpbmUiOiA3Cn0K",
  "message": "docs: update .all-contributorsrc [skip ci]",
  "sha": "dff34f715bca51114c0336a49381456a926806d5",
}
`;

exports[`All Contributors app - End to end 7: Happy path, add correct new contributor, but branch exists 3`] = `
Object {
  "base": "master",
  "body": "Adds @jakebolam as a contributor for code, doc, infra.

This was requested by jakebolam [in this comment](https://github.com/all-contributors/all-contributors-bot/pull/1#issuecomment-453012966)",
  "head": "all-contributors/add-jakebolam",
  "maintainer_can_modify": true,
  "title": "docs: add jakebolam as a contributor",
}
`;

exports[`All Contributors app - End to end 7: Happy path, add correct new contributor, but branch exists 4`] = `
Object {
  "body": "@jakebolam 

I've put up [a pull request](https://github.com/all-contributors/all-contributors-bot/pull/1347) to add @jakebolam! :tada:",
}
`;
