// Jest Snapshot v1, https://goo.gl/fbAQLP

exports[`All Contributors app - End to end Fail path, Unknown error (e.g. Network is dead, service down etc, our code is bad) crashes and sends error message 1`] = `
Object {
  "body": "@jakebolam 

We had trouble processing your request. Please try again later.",
}
`;

exports[`All Contributors app - End to end Fail path, no readme file (configuration error) 1`] = `
Object {
  "body": "@jakebolam 

File README.md was not found in the repository (undefined).",
}
`;

exports[`All Contributors app - End to end Fail path, no such user 1`] = `
Object {
  "body": "@jakebolam 

Could not find the user jakebolam on github.",
}
`;

exports[`All Contributors app - End to end Happy path, add correct new contributor 1`] = `
Object {
  "ref": "refs/heads/all-contributors/add-jakebolam",
  "sha": "aa218f56b14c9653891f9e74264a383fa43fefbd",
}
`;

exports[`All Contributors app - End to end Happy path, add correct new contributor 2`] = `
Object {
  "branch": "all-contributors/add-jakebolam",
  "content": "IyBBbGxDb250cmlidXRvcnNCb3QKQSBib3QgZm9yIGF1dG9tYXRpY2FsbHkgYWRkaW5nIGFsbC1jb250cmlidXRvcnMuIPCfpJYKClshW0J1aWxkXShodHRwczovL2ltZy5zaGllbGRzLmlvL2NpcmNsZWNpL3Byb2plY3QvZ2l0aHViL2FsbC1jb250cmlidXRvcnMvYWxsLWNvbnRyaWJ1dG9ycy1ib3QvbWFzdGVyLnN2ZyldKGh0dHBzOi8vY2lyY2xlY2kuY29tL2doL2FsbC1jb250cmlidXRvcnMvYWxsLWNvbnRyaWJ1dG9ycy1ib3QpClshW0NvdmVyYWdlXShodHRwczovL2ltZy5zaGllbGRzLmlvL2NvZGVjb3YvYy9naXRodWIvYWxsLWNvbnRyaWJ1dG9ycy9hbGwtY29udHJpYnV0b3JzLWJvdC5zdmcpXShodHRwczovL2NvZGVjb3YuaW8vZ2l0aHViL2FsbC1jb250cmlidXRvcnMvYWxsLWNvbnRyaWJ1dG9ycy1ib3QpClshW0FsbCBDb250cmlidXRvcnNdKGh0dHBzOi8vaW1nLnNoaWVsZHMuaW8vYmFkZ2UvYWxsX2NvbnRyaWJ1dG9ycy0xLW9yYW5nZS5zdmc/c3R5bGU9ZmxhdC1zcXVhcmUpXSgjY29udHJpYnV0b3JzKQpbIVtDaGF0IG9uIFNsYWNrXShodHRwczovL2ltZy5zaGllbGRzLmlvL2JhZGdlL3NsYWNrLWpvaW4tZmY2OWI0LnN2ZyldKGh0dHBzOi8vam9pbi5zbGFjay5jb20vdC9hbGwtY29udHJpYnV0b3JzL3NoYXJlZF9pbnZpdGUvZW5RdE5URTNPRE15TVRBNE5UazBMVFV3WkRNeFpHWmtNbVZpTXpZell6azJZVE0yTmpSa1pHTTVZemMwWlRjNU5tWXpOV1kzWTJRMFpUWTNabUZoWkRneVkyRTNabUl6TldRd01UVXhabUUpCgoKIyMgSW5zdGFsbGF0aW9uCjEuIEluc3RhbGwgQXBwCjIuIFBsZWFzZSBzZXR1cCB5b3VyIGBSRUFETUUubWRgIGFuZCBgLmFsbC1jb250cmlidXRvcnNyY2AgdXNpbmcgdGhlIFthbGwtY29udHJpYnV0b3JzLWNsaSB0b29sXShodHRwczovL2dpdGh1Yi5jb20vYWxsLWNvbnRyaWJ1dG9ycy9hbGwtY29udHJpYnV0b3JzLWNsaSkKPiBJbiB0aGUgZnV0dXJlIHdlIHdhbnQgdG8gcmVtb3ZlIHRoZSBuZWVkIGZvciB0aGUgQ0xJIHRvb2wsIGlmIHlvdSB3YW50IHRvIGhlbHAgb3V0IFtzZWUgdGhlIGlzc3VlXShodHRwczovL2dpdGh1Yi5jb20vYWxsLWNvbnRyaWJ1dG9ycy9hbGwtY29udHJpYnV0b3JzLWJvdC9pc3N1ZXMvMykKCgojIyBVc2FnZQoKIyMjIEFkZGluZyBjb250cmlidXRpb25zCjEuIENvbW1lbnQgb24gSXNzdWUvUFIgZXRjIHdpdGggdGV4dDogYEBBbGxDb250cmlidXRvckJvdCBwbGVhc2UgYWRkIGpha2Vib2xhbSBmb3IgaW5mcmFzdHJ1Y3R1cmUsIHRlc3RpbmcgYW5kIGNvZGVgIChDYW4gYWxzbyB1c2UgdGhlIHNob3J0IHRlcm1zLCBmdWxsIGtleSBjb21pbmcgc29vbikKMi4gQm90IHdpbGwgbG9vayBmb3IgYC5hbGwtY29udHJpYnV0b3JzcmNgIGlmIG5vdCBmb3VuZCwgY29tbWVudHMgb24gcHIgdG8gcnVuIHNldHVwCjMuIElmIHVzZXIgZXhpc3RzLCBhZGQgbmV3IGNvbnRyaWJ1dGlvbiwgaWYgbm90IGFkZCB1c2VyIGFuZCBhZGQgY29udHJpYnV0aW9uCgoKIyMgQ29udHJpYnV0aW5nCklmIHlvdSBoYXZlIHN1Z2dlc3Rpb25zIGZvciBob3cgdGhlIEFsbENvbnRyaWJ1dG9yc0JvdCBjb3VsZCBiZSBpbXByb3ZlZCwgb3Igd2FudCB0byByZXBvcnQgYSBidWcsIFtvcGVuIGFuIGlzc3VlXShodHRwczovL2dpdGh1Yi5jb20vYWxsLWNvbnRyaWJ1dG9ycy9hbGwtY29udHJpYnV0b3JzLWJvdC9pc3N1ZXMpIQoKRm9yIG1vcmUsIGNoZWNrIG91dCB0aGUgW0NvbnRyaWJ1dGluZyBHdWlkZV0oQ09OVFJJQlVUSU5HLm1kKS4KCiMjIENvbnRyaWJ1dG9ycwoKVGhhbmtzIGdvZXMgdG8gdGhlc2Ugd29uZGVyZnVsIHBlb3BsZSAoW2Vtb2ppIGtleV0oaHR0cHM6Ly9naXRodWIuY29tL2FsbC1jb250cmlidXRvcnMvYWxsLWNvbnRyaWJ1dG9ycyNlbW9qaS1rZXkpKToKCjwhLS0gQUxMLUNPTlRSSUJVVE9SUy1MSVNUOlNUQVJUIC0gRG8gbm90IHJlbW92ZSBvciBtb2RpZnkgdGhpcyBzZWN0aW9uIC0tPgo8IS0tIHByZXR0aWVyLWlnbm9yZSAtLT4KfCBbPGltZyBzcmM9Imh0dHBzOi8vYXZhdGFyczIuZ2l0aHVidXNlcmNvbnRlbnQuY29tL3UvMzUzNDIzNj92PTQiIHdpZHRoPSIxMDBweDsiIGFsdD0iSmFrZSBCb2xhbSIvPjxiciAvPjxzdWI+PGI+SmFrZSBCb2xhbTwvYj48L3N1Yj5dKGh0dHBzOi8vamFrZWJvbGFtLmNvbSk8YnIgLz5b8J+Su10oaHR0cHM6Ly9naXRodWIuY29tL2FsbC1jb250cmlidHVvcnMvYm90L2NvbW1pdHM/YXV0aG9yPWpha2Vib2xhbSAiQ29kZSIpIFvwn5qHXSgjaW5mcmEtamFrZWJvbGFtICJJbmZyYXN0cnVjdHVyZSAoSG9zdGluZywgQnVpbGQtVG9vbHMsIGV0YykiKSB8CnwgOi0tLTogfAo8IS0tIEFMTC1DT05UUklCVVRPUlMtTElTVDpFTkQgLS0+CgpUaGlzIHByb2plY3QgZm9sbG93cyB0aGUgW2FsbC1jb250cmlidXRvcnNdKGh0dHBzOi8vZ2l0aHViLmNvbS9hbGwtY29udHJpYnV0b3JzL2FsbC1jb250cmlidXRvcnMpIHNwZWNpZmljYXRpb24uIENvbnRyaWJ1dGlvbnMgb2YgYW55IGtpbmQgd2VsY29tZQoKIyMgTElDRU5TRQoKW01JVF0oTElDRU5TRSkK",
  "message": "docs: update README.md",
  "sha": "bfce087f5fbed22257de1ee5056b20de63da0a13",
}
`;

exports[`All Contributors app - End to end Happy path, add correct new contributor 3`] = `
Object {
  "branch": "all-contributors/add-jakebolam",
  "content": "ewogICJwcm9qZWN0TmFtZSI6ICJib3QiLAogICJwcm9qZWN0T3duZXIiOiAiYWxsLWNvbnRyaWJ0dW9ycyIsCiAgInJlcG9UeXBlIjogImdpdGh1YiIsCiAgInJlcG9Ib3N0IjogImh0dHBzOi8vZ2l0aHViLmNvbSIsCiAgImZpbGVzIjogWwogICAgIlJFQURNRS5tZCIKICBdLAogICJpbWFnZVNpemUiOiAxMDAsCiAgImNvbW1pdCI6IGZhbHNlLAogICJjb250cmlidXRvcnMiOiBbCiAgICB7CiAgICAgICJsb2dpbiI6ICJqYWtlYm9sYW0iLAogICAgICAibmFtZSI6ICJKYWtlIEJvbGFtIiwKICAgICAgImF2YXRhcl91cmwiOiAiaHR0cHM6Ly9hdmF0YXJzMi5naXRodWJ1c2VyY29udGVudC5jb20vdS8zNTM0MjM2P3Y9NCIsCiAgICAgICJwcm9maWxlIjogImh0dHBzOi8vamFrZWJvbGFtLmNvbSIsCiAgICAgICJjb250cmlidXRpb25zIjogWwogICAgICAgICJjb2RlIiwKICAgICAgICAiaW5mcmEiCiAgICAgIF0KICAgIH0KICBdLAogICJjb250cmlidXRvcnNQZXJMaW5lIjogNwp9Cg==",
  "message": "docs: update .all-contributorsrc",
  "sha": "dff34f715bca51114c0336a49381456a926806d5",
}
`;

exports[`All Contributors app - End to end Happy path, add correct new contributor 4`] = `
Object {
  "base": "master",
  "body": "Adds @jakebolam as a contributor for code, doc, infra.

This was requested by jakebolam [in this comment](https://github.com/all-contributors/all-contributors-bot/pull/1#issuecomment-453012966)",
  "head": "all-contributors/add-jakebolam",
  "maintainer_can_modify": true,
  "title": "docs: add jakebolam as a contributor",
}
`;

exports[`All Contributors app - End to end Happy path, add correct new contributor 5`] = `
Object {
  "body": "@jakebolam 

I've put up [a pull request](https://github.com/all-contributors/all-contributors-bot/pull/1347) to add @jakebolam! :tada:",
}
`;

exports[`All Contributors app - End to end Happy path, add correct new contributor, no allcontributors file (repo needs init first) 1`] = `
Object {
  "ref": "refs/heads/all-contributors/add-jakebolam",
  "sha": "aa218f56b14c9653891f9e74264a383fa43fefbd",
}
`;

exports[`All Contributors app - End to end Happy path, add correct new contributor, no allcontributors file (repo needs init first) 2`] = `
Object {
  "branch": "all-contributors/add-jakebolam",
  "content": "IyBBbGxDb250cmlidXRvcnNCb3QKWyFbQWxsIENvbnRyaWJ1dG9yc10oaHR0cHM6Ly9pbWcuc2hpZWxkcy5pby9iYWRnZS9hbGxfY29udHJpYnV0b3JzLTEtb3JhbmdlLnN2Zz9zdHlsZT1mbGF0LXNxdWFyZSldKCNjb250cmlidXRvcnMpCkEgYm90IGZvciBhdXRvbWF0aWNhbGx5IGFkZGluZyBhbGwtY29udHJpYnV0b3JzLiDwn6SWCgpbIVtCdWlsZF0oaHR0cHM6Ly9pbWcuc2hpZWxkcy5pby9jaXJjbGVjaS9wcm9qZWN0L2dpdGh1Yi9hbGwtY29udHJpYnV0b3JzL2FsbC1jb250cmlidXRvcnMtYm90L21hc3Rlci5zdmcpXShodHRwczovL2NpcmNsZWNpLmNvbS9naC9hbGwtY29udHJpYnV0b3JzL2FsbC1jb250cmlidXRvcnMtYm90KQpbIVtDb3ZlcmFnZV0oaHR0cHM6Ly9pbWcuc2hpZWxkcy5pby9jb2RlY292L2MvZ2l0aHViL2FsbC1jb250cmlidXRvcnMvYWxsLWNvbnRyaWJ1dG9ycy1ib3Quc3ZnKV0oaHR0cHM6Ly9jb2RlY292LmlvL2dpdGh1Yi9hbGwtY29udHJpYnV0b3JzL2FsbC1jb250cmlidXRvcnMtYm90KQpbIVtBbGwgQ29udHJpYnV0b3JzXShodHRwczovL2ltZy5zaGllbGRzLmlvL2JhZGdlL2FsbF9jb250cmlidXRvcnMtMS1vcmFuZ2Uuc3ZnKV0oI2NvbnRyaWJ1dG9ycykKWyFbQ2hhdCBvbiBTbGFja10oaHR0cHM6Ly9pbWcuc2hpZWxkcy5pby9iYWRnZS9zbGFjay1qb2luLWZmNjliNC5zdmcpXShodHRwczovL2pvaW4uc2xhY2suY29tL3QvYWxsLWNvbnRyaWJ1dG9ycy9zaGFyZWRfaW52aXRlL2VuUXROVEUzT0RNeU1UQTROVGswTFRVd1pETXhaR1prTW1WaU16WXpZemsyWVRNMk5qUmtaR001WXpjMFpUYzVObVl6TldZM1kyUTBaVFkzWm1GaFpEZ3lZMkUzWm1Jek5XUXdNVFV4Wm1FKQoKCiMjIEluc3RhbGxhdGlvbgoxLiBJbnN0YWxsIEFwcAoyLiBQbGVhc2Ugc2V0dXAgeW91ciBgUkVBRE1FLm1kYCBhbmQgYC5hbGwtY29udHJpYnV0b3JzcmNgIHVzaW5nIHRoZSBbYWxsLWNvbnRyaWJ1dG9ycy1jbGkgdG9vbF0oaHR0cHM6Ly9naXRodWIuY29tL2FsbC1jb250cmlidXRvcnMvYWxsLWNvbnRyaWJ1dG9ycy1jbGkpCj4gSW4gdGhlIGZ1dHVyZSB3ZSB3YW50IHRvIHJlbW92ZSB0aGUgbmVlZCBmb3IgdGhlIENMSSB0b29sLCBpZiB5b3Ugd2FudCB0byBoZWxwIG91dCBbc2VlIHRoZSBpc3N1ZV0oaHR0cHM6Ly9naXRodWIuY29tL2FsbC1jb250cmlidXRvcnMvYWxsLWNvbnRyaWJ1dG9ycy1ib3QvaXNzdWVzLzMpCgoKIyMgVXNhZ2UKCiMjIyBBZGRpbmcgY29udHJpYnV0aW9ucwoxLiBDb21tZW50IG9uIElzc3VlL1BSIGV0YyB3aXRoIHRleHQ6IGBAQWxsQ29udHJpYnV0b3JCb3QgcGxlYXNlIGFkZCBqYWtlYm9sYW0gZm9yIGluZnJhc3RydWN0dXJlLCB0ZXN0aW5nIGFuZCBjb2RlYCAoQ2FuIGFsc28gdXNlIHRoZSBzaG9ydCB0ZXJtcywgZnVsbCBrZXkgY29taW5nIHNvb24pCjIuIEJvdCB3aWxsIGxvb2sgZm9yIGAuYWxsLWNvbnRyaWJ1dG9yc3JjYCBpZiBub3QgZm91bmQsIGNvbW1lbnRzIG9uIHByIHRvIHJ1biBzZXR1cAozLiBJZiB1c2VyIGV4aXN0cywgYWRkIG5ldyBjb250cmlidXRpb24sIGlmIG5vdCBhZGQgdXNlciBhbmQgYWRkIGNvbnRyaWJ1dGlvbgoKCiMjIENvbnRyaWJ1dGluZwpJZiB5b3UgaGF2ZSBzdWdnZXN0aW9ucyBmb3IgaG93IHRoZSBBbGxDb250cmlidXRvcnNCb3QgY291bGQgYmUgaW1wcm92ZWQsIG9yIHdhbnQgdG8gcmVwb3J0IGEgYnVnLCBbb3BlbiBhbiBpc3N1ZV0oaHR0cHM6Ly9naXRodWIuY29tL2FsbC1jb250cmlidXRvcnMvYWxsLWNvbnRyaWJ1dG9ycy1ib3QvaXNzdWVzKSEKCkZvciBtb3JlLCBjaGVjayBvdXQgdGhlIFtDb250cmlidXRpbmcgR3VpZGVdKENPTlRSSUJVVElORy5tZCkuCgojIyBDb250cmlidXRvcnMKCjwhLS0gQUxMLUNPTlRSSUJVVE9SUy1MSVNUOlNUQVJUIC0gRG8gbm90IHJlbW92ZSBvciBtb2RpZnkgdGhpcyBzZWN0aW9uIC0tPgo8IS0tIHByZXR0aWVyLWlnbm9yZSAtLT4KfCBbPGltZyBzcmM9Imh0dHBzOi8vYXZhdGFyczIuZ2l0aHVidXNlcmNvbnRlbnQuY29tL3UvMzUzNDIzNj92PTQiIHdpZHRoPSIxMDBweDsiIGFsdD0iSmFrZSBCb2xhbSIvPjxiciAvPjxzdWI+PGI+SmFrZSBCb2xhbTwvYj48L3N1Yj5dKGh0dHBzOi8vamFrZWJvbGFtLmNvbSk8YnIgLz5b8J+Su10oaHR0cHM6Ly9naXRodWIuY29tL2FsbC1jb250cmlidXRvcnMvYWxsLWNvbnRyaWJ1dG9ycy1ib3QvY29tbWl0cz9hdXRob3I9amFrZWJvbGFtICJDb2RlIikgW/Cfk5ZdKGh0dHBzOi8vZ2l0aHViLmNvbS9hbGwtY29udHJpYnV0b3JzL2FsbC1jb250cmlidXRvcnMtYm90L2NvbW1pdHM/YXV0aG9yPWpha2Vib2xhbSAiRG9jdW1lbnRhdGlvbiIpIFvwn5qHXSgjaW5mcmEtamFrZWJvbGFtICJJbmZyYXN0cnVjdHVyZSAoSG9zdGluZywgQnVpbGQtVG9vbHMsIGV0YykiKSB8CnwgOi0tLTogfAo8IS0tIEFMTC1DT05UUklCVVRPUlMtTElTVDpFTkQgLS0+ClRoYW5rcyBnb2VzIHRvIHRoZXNlIHdvbmRlcmZ1bCBwZW9wbGUgKFtlbW9qaSBrZXldKGh0dHBzOi8vZ2l0aHViLmNvbS9hbGwtY29udHJpYnV0b3JzL2FsbC1jb250cmlidXRvcnMjZW1vamkta2V5KSk6Cgo8IS0tIEFMTC1DT05UUklCVVRPUlMtTElTVDpTVEFSVCAtIERvIG5vdCByZW1vdmUgb3IgbW9kaWZ5IHRoaXMgc2VjdGlvbiAtLT4KPCEtLSBwcmV0dGllci1pZ25vcmUgLS0+CnwgWzxpbWcgc3JjPSJodHRwczovL2F2YXRhcnMyLmdpdGh1YnVzZXJjb250ZW50LmNvbS91LzM1MzQyMzY/dj00IiB3aWR0aD0iMTAwcHg7Ii8+PGJyIC8+PHN1Yj48Yj5KYWtlIEJvbGFtPC9iPjwvc3ViPl0oaHR0cHM6Ly9qYWtlYm9sYW0uY29tKTxiciAvPlvwn5K7XShodHRwczovL2dpdGh1Yi5jb20vYWxsLWNvbnRyaWJ0dW9ycy9ib3QvY29tbWl0cz9hdXRob3I9amFrZWJvbGFtICJDb2RlIikgW/CfpJRdKCNpZGVhcy1qYWtlYm9sYW0gIklkZWFzLCBQbGFubmluZywgJiBGZWVkYmFjayIpIFvwn5qHXSgjaW5mcmEtamFrZWJvbGFtICJJbmZyYXN0cnVjdHVyZSAoSG9zdGluZywgQnVpbGQtVG9vbHMsIGV0YykiKSBb4pqg77iPXShodHRwczovL2dpdGh1Yi5jb20vYWxsLWNvbnRyaWJ0dW9ycy9ib3QvY29tbWl0cz9hdXRob3I9amFrZWJvbGFtICJUZXN0cyIpIHwKfCA6LS0tOiB8CjwhLS0gQUxMLUNPTlRSSUJVVE9SUy1MSVNUOkVORCAtLT4KClRoaXMgcHJvamVjdCBmb2xsb3dzIHRoZSBbYWxsLWNvbnRyaWJ1dG9yc10oaHR0cHM6Ly9naXRodWIuY29tL2FsbC1jb250cmlidXRvcnMvYWxsLWNvbnRyaWJ1dG9ycykgc3BlY2lmaWNhdGlvbi4gQ29udHJpYnV0aW9ucyBvZiBhbnkga2luZCB3ZWxjb21lCgojIyBMSUNFTlNFCgpbTUlUXShMSUNFTlNFKQo=",
  "message": "docs: update README.md",
  "sha": "bfce087f5fbed22257de1ee5056b20de63da0a13",
}
`;

exports[`All Contributors app - End to end Happy path, add correct new contributor, no allcontributors file (repo needs init first) 3`] = `
Object {
  "branch": "all-contributors/add-jakebolam",
  "content": "ewogICJwcm9qZWN0TmFtZSI6ICJhbGwtY29udHJpYnV0b3JzLWJvdCIsCiAgInByb2plY3RPd25lciI6ICJhbGwtY29udHJpYnV0b3JzIiwKICAicmVwb1R5cGUiOiAiZ2l0aHViIiwKICAicmVwb0hvc3QiOiAiaHR0cHM6Ly9naXRodWIuY29tIiwKICAiZmlsZXMiOiBbCiAgICAiUkVBRE1FLm1kIgogIF0sCiAgImltYWdlU2l6ZSI6IDEwMCwKICAiY29tbWl0IjogZmFsc2UsCiAgImNvbnRyaWJ1dG9ycyI6IFsKICAgIHsKICAgICAgImxvZ2luIjogImpha2Vib2xhbSIsCiAgICAgICJuYW1lIjogIkpha2UgQm9sYW0iLAogICAgICAiYXZhdGFyX3VybCI6ICJodHRwczovL2F2YXRhcnMyLmdpdGh1YnVzZXJjb250ZW50LmNvbS91LzM1MzQyMzY/dj00IiwKICAgICAgInByb2ZpbGUiOiAiaHR0cHM6Ly9qYWtlYm9sYW0uY29tIiwKICAgICAgImNvbnRyaWJ1dGlvbnMiOiBbCiAgICAgICAgImNvZGUiLAogICAgICAgICJkb2MiLAogICAgICAgICJpbmZyYSIKICAgICAgXQogICAgfQogIF0sCiAgImNvbnRyaWJ1dG9yc1BlckxpbmUiOiA3Cn0K",
  "message": "docs: create .all-contributorsrc",
}
`;

exports[`All Contributors app - End to end Happy path, add correct new contributor, no allcontributors file (repo needs init first) 4`] = `
Object {
  "base": "master",
  "body": "Adds @jakebolam as a contributor for code, doc, infra.

This was requested by jakebolam [in this comment](https://github.com/all-contributors/all-contributors-bot/pull/1#issuecomment-453012966)",
  "head": "all-contributors/add-jakebolam",
  "maintainer_can_modify": true,
  "title": "docs: add jakebolam as a contributor",
}
`;

exports[`All Contributors app - End to end Happy path, add correct new contributor, no allcontributors file (repo needs init first) 5`] = `
Object {
  "body": "@jakebolam 

I've put up [a pull request](https://github.com/all-contributors/all-contributors-bot/pull/1347) to add @jakebolam! :tada:",
}
`;
